// Jest Snapshot v1, https://goo.gl/fbAQLP

exports[`Bored Ape ERC721 should be able to fetch and parse metadata for token id: 1 on network: 1 1`] = `
Object {
  "attributes": Array [
    Object {
      "trait_type": "Mouth",
      "value": "Grin",
    },
    Object {
      "trait_type": "Clothes",
      "value": "Vietnam Jacket",
    },
    Object {
      "trait_type": "Background",
      "value": "Orange",
    },
    Object {
      "trait_type": "Eyes",
      "value": "Blue Beams",
    },
    Object {
      "trait_type": "Fur",
      "value": "Robot",
    },
  ],
  "contentURL": "https://ipfs.fleek.co/ipfs/QmPbxeGcXhYQQNgsC6a36dDyYUcHgMLnGKnF8pVFmGsvqi",
  "contentURLMimeType": "image/png",
  "metadata": Object {
    "attributes": Array [
      Object {
        "trait_type": "Mouth",
        "value": "Grin",
      },
      Object {
        "trait_type": "Clothes",
        "value": "Vietnam Jacket",
      },
      Object {
        "trait_type": "Background",
        "value": "Orange",
      },
      Object {
        "trait_type": "Eyes",
        "value": "Blue Beams",
      },
      Object {
        "trait_type": "Fur",
        "value": "Robot",
      },
    ],
    "image": "ipfs://QmPbxeGcXhYQQNgsC6a36dDyYUcHgMLnGKnF8pVFmGsvqi",
  },
  "networkId": 1,
  "tokenAddress": "0xBC4CA0EdA7647A8aB7C2061c2E118A18a936f13D",
  "tokenId": "1",
  "tokenURI": "ipfs://QmeSjSinHpPnmXmspMjwiXyN6zS4E9zccariGR3jxcaWtq/1",
  "tokenURL": "https://ipfs.fleek.co/ipfs/QmeSjSinHpPnmXmspMjwiXyN6zS4E9zccariGR3jxcaWtq/1",
  "tokenURLMimeType": "application/json",
}
`;
