// Jest Snapshot v1, https://goo.gl/fbAQLP

exports[`Cryptovoxels ERC721 should be able to fetch and parse metadata for token id: 100 on network: 1 1`] = `
Object {
  "attributes": Object {
    "area": 459,
    "depth": 27,
    "elevation": 0,
    "height": 6,
    "island": "Origin City",
    "suburb": "Music District",
    "title": "plot",
    "width": 17,
  },
  "contentURL": "https://map.cryptovoxels.com/tile/parcel?x=0.94&y=-0.285",
  "contentURLMimeType": "image/png",
  "description": "459m² parcel near Music District in Origin City, 87m from the origin, with a 6m build height and near to Angstrom Center, Dynamo Mall, Grid Gardens, Grid Arcade, Robotka Divide and Nano Freeway",
  "externalURL": "https://www.cryptovoxels.com/parcels/100",
  "metadata": Object {
    "attributes": Object {
      "area": 459,
      "depth": 27,
      "elevation": 0,
      "height": 6,
      "island": "Origin City",
      "suburb": "Music District",
      "title": "plot",
      "width": 17,
    },
    "background_color": "f3f3f3",
    "description": "459m² parcel near Music District in Origin City, 87m from the origin, with a 6m build height and near to Angstrom Center, Dynamo Mall, Grid Gardens, Grid Arcade, Robotka Divide and Nano Freeway",
    "external_url": "https://www.cryptovoxels.com/parcels/100",
    "image": "https://map.cryptovoxels.com/tile/parcel?x=0.94&y=-0.285",
    "name": "3 Nano Freeway",
  },
  "name": "3 Nano Freeway",
  "networkId": 1,
  "tokenAddress": "0x79986aF15539de2db9A5086382daEdA917A9CF0C",
  "tokenId": "100",
  "tokenURI": "https://www.cryptovoxels.com/p/100",
  "tokenURL": "https://www.cryptovoxels.com/p/100",
  "tokenURLMimeType": "application/json; charset=utf-8",
}
`;
