// Jest Snapshot v1, https://goo.gl/fbAQLP

exports[`Superrare ERC721 should be able to fetch and parse metadata for token id: 17798 on network: 1 1`] = `
Object {
  "contentURL": "https://ipfs.fleek.co/ipfs/QmPkLpqqGoUJi3mk6krNuRxeemfwvPPqLkZVVSfu5LWgfZ/cupoftea.gif",
  "contentURLMimeType": undefined,
  "description": "Cup_Of_Tea // Status: Initiated.",
  "metadata": Object {
    "createdBy": "Matty Furious",
    "description": "Cup_Of_Tea // Status: Initiated.",
    "image": "https://ipfs.pixura.io/ipfs/QmPkLpqqGoUJi3mk6krNuRxeemfwvPPqLkZVVSfu5LWgfZ/cupoftea.gif",
    "media": Object {
      "dimensions": "800x450",
      "mimeType": "image/gif",
      "size": "40734681",
      "uri": "https://ipfs.pixura.io/ipfs/QmPkLpqqGoUJi3mk6krNuRxeemfwvPPqLkZVVSfu5LWgfZ/cupoftea.gif",
    },
    "name": "Cup_Of_Tea",
    "tags": Array [
      "animated",
      "GIF",
      "Tea",
    ],
    "yearCreated": "2021",
  },
  "name": "Cup_Of_Tea",
  "networkId": 1,
  "tokenAddress": "0xb932a70A57673d89f4acfFBE830E8ed7f75Fb9e0",
  "tokenId": "17798",
  "tokenURI": "https://ipfs.pixura.io/ipfs/QmfQs1DPrZgmR7osnWvRuXpDvqP5ihfEfSBKPGAQyeL1WS/metadata.json",
  "tokenURL": "https://ipfs.fleek.co/ipfs/QmfQs1DPrZgmR7osnWvRuXpDvqP5ihfEfSBKPGAQyeL1WS/metadata.json",
  "tokenURLMimeType": "application/json",
}
`;
