// Jest Snapshot v1, https://goo.gl/fbAQLP

exports[`Vee Friends ERC721 should be able to fetch and parse metadata for token id: 294 on network: 1 1`] = `
Object {
  "attributes": Array [
    Object {
      "trait_type": "Editions",
      "value": "1 of 5",
    },
    Object {
      "trait_type": "Edition #",
      "value": "4",
    },
    Object {
      "value": "G.O.O.",
    },
    Object {
      "trait_type": "rarity",
      "value": "Very Rare",
    },
    Object {
      "trait_type": "adjective",
      "value": "Accountable",
    },
    Object {
      "trait_type": "animal",
      "value": "Ant",
    },
    Object {
      "trait_type": "category",
      "value": "Invertebrate",
    },
    Object {
      "trait_type": "group",
      "value": "Admission",
    },
    Object {
      "value": "Insects",
    },
    Object {
      "value": "Jungle",
    },
    Object {
      "trait_type": "conference",
      "value": "Limited",
    },
    Object {
      "trait_type": "creator",
      "value": "VeeFriends",
    },
  ],
  "contentURL": "https://cdn.veefriends.com/f6pXbdBrDkgJjmSV-_XTrDCsS97-QXp2H6Yu0fLSCB0/3330.png",
  "contentURLMimeType": "image/png",
  "description": "This token is verifiable for admission to VeeCon 2022, 2023, 2024

This token is a collectible that lives on the Ethereum blockchain

Additional Content:

- [Character Vector](https://cdn.veefriends.com/f6pXbdBrDkgJjmSV-_XTrDCsS97-QXp2H6Yu0fLSCB0/3345.svg)
- [Character Image](https://cdn.veefriends.com/f6pXbdBrDkgJjmSV-_XTrDCsS97-QXp2H6Yu0fLSCB0/2862.png) 
- [Character Creation Video](https://cdn.veefriends.com/f6pXbdBrDkgJjmSV-_XTrDCsS97-QXp2H6Yu0fLSCB0/459.mp4)
- [Character with Gary Vaynerchuk](https://cdn.veefriends.com/f6pXbdBrDkgJjmSV-_XTrDCsS97-QXp2H6Yu0fLSCB0/485.jpg) 
",
  "externalURL": "https://veefriends/friends/friends/294-Accountable-Ant",
  "metadata": Object {
    "attributes": Array [
      Object {
        "trait_type": "Editions",
        "value": "1 of 5",
      },
      Object {
        "trait_type": "Edition #",
        "value": "4",
      },
      Object {
        "value": "G.O.O.",
      },
      Object {
        "trait_type": "rarity",
        "value": "Very Rare",
      },
      Object {
        "trait_type": "adjective",
        "value": "Accountable",
      },
      Object {
        "trait_type": "animal",
        "value": "Ant",
      },
      Object {
        "trait_type": "category",
        "value": "Invertebrate",
      },
      Object {
        "trait_type": "group",
        "value": "Admission",
      },
      Object {
        "value": "Insects",
      },
      Object {
        "value": "Jungle",
      },
      Object {
        "trait_type": "conference",
        "value": "Limited",
      },
      Object {
        "trait_type": "creator",
        "value": "VeeFriends",
      },
    ],
    "description": "This token is verifiable for admission to VeeCon 2022, 2023, 2024

This token is a collectible that lives on the Ethereum blockchain

Additional Content:

- [Character Vector](https://cdn.veefriends.com/f6pXbdBrDkgJjmSV-_XTrDCsS97-QXp2H6Yu0fLSCB0/3345.svg)
- [Character Image](https://cdn.veefriends.com/f6pXbdBrDkgJjmSV-_XTrDCsS97-QXp2H6Yu0fLSCB0/2862.png) 
- [Character Creation Video](https://cdn.veefriends.com/f6pXbdBrDkgJjmSV-_XTrDCsS97-QXp2H6Yu0fLSCB0/459.mp4)
- [Character with Gary Vaynerchuk](https://cdn.veefriends.com/f6pXbdBrDkgJjmSV-_XTrDCsS97-QXp2H6Yu0fLSCB0/485.jpg) 
",
    "external_url": "https://veefriends/friends/friends/294-Accountable-Ant",
    "image": "https://cdn.veefriends.com/f6pXbdBrDkgJjmSV-_XTrDCsS97-QXp2H6Yu0fLSCB0/3330.png",
    "name": "Accountable Ant",
  },
  "name": "Accountable Ant",
  "networkId": 1,
  "tokenAddress": "0xa3AEe8BcE55BEeA1951EF834b99f3Ac60d1ABeeB",
  "tokenId": "294",
  "tokenURI": "https://erc721.veefriends.com/api/metadata/0xa3aee8bce55beea1951ef834b99f3ac60d1abeeb/294",
  "tokenURL": "https://erc721.veefriends.com/api/metadata/0xa3aee8bce55beea1951ef834b99f3ac60d1abeeb/294",
  "tokenURLMimeType": "application/json; charset=utf-8",
}
`;
