// Jest Snapshot v1, https://goo.gl/fbAQLP

exports[`Wrapped Cryptopunks ERC721 should be able to fetch and parse metadata for token id: 18 on network: 1: 0xb7F7F6C52F2e2fdb1963Eab30438024864c313F6-18 1`] = `
Object {
  "networkId": 1,
  "tokenAddress": "0xb7F7F6C52F2e2fdb1963Eab30438024864c313F6",
  "tokenId": "18",
  "tokenURI": undefined,
}
`;

exports[`Wrapped Cryptopunks ERC721 should be able to fetch and parse metadata for token id: 5586 on network: 1: 0xb7F7F6C52F2e2fdb1963Eab30438024864c313F6-5586 1`] = `
Object {
  "contentURL": "https://wrappedpunks.com:3000/images/punks/5586.png",
  "contentURLMimeType": "image/png",
  "description": "This Punk was wrapped using Wrapped Punks contract, accessible from https://wrappedpunks.com",
  "externalURL": "https://wrappedpunks.com",
  "metadata": Object {
    "description": "This Punk was wrapped using Wrapped Punks contract, accessible from https://wrappedpunks.com",
    "external_url": "https://wrappedpunks.com",
    "image": "https://wrappedpunks.com:3000/images/punks/5586.png",
    "name": "W#5586",
    "title": "W#5586",
  },
  "name": "W#5586",
  "networkId": 1,
  "tokenAddress": "0xb7F7F6C52F2e2fdb1963Eab30438024864c313F6",
  "tokenId": "5586",
  "tokenURI": "https://wrappedpunks.com:3000/api/punks/metadata/5586",
  "tokenURL": "https://wrappedpunks.com:3000/api/punks/metadata/5586",
  "tokenURLMimeType": "application/json; charset=utf-8",
}
`;
